../Core/Src/board_handler.c:12:6:handleUartCommand	24	static
../Core/Src/board_handler.c:33:10:checkEmptyFlashMemory	32	static
../Core/Src/board_handler.c:48:6:sendFlashMemoryTestResult	48	static
../Core/Src/board_handler.c:75:6:testFlashMemory	88	static
../Core/Src/board_handler.c:125:6:initialGpio	40	static
../Core/Src/board_handler.c:143:10:getInitialMode	16	static
../Core/Src/board_handler.c:165:10:getInitialPullType	16	static
../Core/Src/board_handler.c:181:10:getInitialSpeed	16	static
../Core/Src/board_handler.c:197:15:getGpioPort	16	static
../Core/Src/board_handler.c:220:6:handleDigitalGpio	16	static
../Core/Src/board_handler.c:233:6:setDigitalGpioOutputLevelState	24	static
../Core/Src/board_handler.c:255:6:readDigitalGpioLevelState	16	static
../Core/Src/board_handler.c:262:6:resetGpiosRegisters	72	static
../Core/Src/board_handler.c:299:10:getGpioNumber	16	static
../Core/Src/board_handler.c:342:6:sendGpiosRegistersState	72	static
../Core/Src/board_handler.c:374:10:getTemperatureSensorValue	88	static
../Core/Src/board_handler.c:386:6:sendAdcValue	24	static
../Core/Src/board_handler.c:398:6:readAnalogValue	184	static
